<!DOCTYPE html>
<html>

<head>
    <meta charset="UTF-8">
    <title> Page-loader </title>
    <link rel="stylesheet" href="testpage-com_files/style.css">
</head>

<body>
    <div id="header">
        <h1>
            This is a test page for Page-loader CLI utility.
        </h1>
        <p>
            <a href="https://github.com/mikhailsmyslov/backend-project-lvl3"> GITHUB </a>
        </p>
    </div>
    <div id="main">
        <p>
            Page-loader CLI utility should allow to download web-pages and related content in IMG, LINK, SCRIPT tags with src or href attributes setted to local resources.
        </p>
        <div>
            <h2> Images </h2>
            <div class="point">
                <h3> This image should be dowloaded </h3>
                <div class="holder">
                    <img src="testpage-com_files/b-e-e-r.jpg" alt="Beer">
                </div>
            </div>
            <div class="point">
                <h3> This image should not be downloaded </h3>
                <div class="holder">
                    <img src="https://cdn.pixabay.com/photo/2014/09/12/18/20/coca-cola-443123_960_720.png" alt="cola">
                </div>
            </div>
            <div class="point">
                <h3> This image should be failed to download </h3>
                <div class="holder">
                    <img src="testpage-com_files/not-exist.png" alt="This image no exists">
                </div>
            </div>
        </div>
        <div>
            <h2> Links & Scripts </h2>
            <div class="point">
                <h3> <a href="style.css"> Style.css </a> file for this page should be downloaded </h3>
            </div>
            <div class="point">
                <h3> <a href="script.js"> This </a> script should be downloaded </h3>
                <script src="testpage-com_files/script"></script>
            </div>
        </div>
        <div>
</body>

</html>